// Jest Snapshot v1, https://jestjs.io/docs/snapshot-testing

exports[`account-strikes tracks strikes and exposes them through queryStatuses and queryEvents 1`] = `
{
  "accountStats": {
    "$type": "tools.ozone.moderation.defs#accountStats",
  },
  "accountStrike": {
    "$type": "tools.ozone.moderation.defs#accountStrike",
    "activeStrikeCount": 5,
    "firstStrikeAt": "1970-01-01T00:00:00.000Z",
    "lastStrikeAt": "1970-01-01T00:00:00.000Z",
    "totalStrikeCount": 5,
  },
  "ageAssuranceState": "unknown",
  "createdAt": "1970-01-01T00:00:00.000Z",
  "hosting": {
    "$type": "tools.ozone.moderation.defs#accountHosting",
    "status": "unknown",
  },
  "id": 9,
  "lastReviewedAt": "1970-01-01T00:00:00.000Z",
  "lastReviewedBy": "user(0)",
  "priorityScore": 0,
  "recordsStats": {
    "$type": "tools.ozone.moderation.defs#recordsStats",
  },
  "reviewState": "tools.ozone.moderation.defs#reviewClosed",
  "subject": {
    "$type": "com.atproto.admin.defs#repoRef",
    "did": "user(1)",
  },
  "subjectBlobCids": [],
  "subjectRepoHandle": "alice.test",
  "tags": [
    "lang:und",
  ],
  "takendown": true,
  "updatedAt": "1970-01-01T00:00:00.000Z",
}
`;

exports[`account-strikes tracks strikes and exposes them through queryStatuses and queryEvents 2`] = `
[
  {
    "createdAt": "1970-01-01T00:00:00.000Z",
    "createdBy": "user(0)",
    "event": {
      "$type": "tools.ozone.moderation.defs#modEventReverseTakedown",
      "comment": "Appeal granted - reversing first takedown",
      "severityLevel": "sev-2",
      "strikeCount": -2,
    },
    "id": 11,
    "subject": {
      "$type": "com.atproto.repo.strongRef",
      "cid": "cids(0)",
      "uri": "record(0)",
    },
    "subjectBlobCids": [],
    "subjectHandle": "alice.test",
  },
  {
    "createdAt": "1970-01-01T00:00:00.000Z",
    "createdBy": "user(0)",
    "event": {
      "$type": "tools.ozone.moderation.defs#modEventTakedown",
      "comment": "Warning only",
      "severityLevel": "sev-0",
      "strikeCount": 0,
    },
    "id": 9,
    "subject": {
      "$type": "com.atproto.admin.defs#repoRef",
      "did": "user(1)",
    },
    "subjectBlobCids": [],
    "subjectHandle": "alice.test",
  },
  {
    "createdAt": "1970-01-01T00:00:00.000Z",
    "createdBy": "user(0)",
    "event": {
      "$type": "tools.ozone.moderation.defs#modEventTakedown",
      "comment": "Second sev-1 violation",
      "policies": [
        "spam-policy",
      ],
      "severityLevel": "sev-1",
      "strikeCount": 1,
    },
    "id": 7,
    "subject": {
      "$type": "com.atproto.repo.strongRef",
      "cid": "cids(1)",
      "uri": "record(1)",
    },
    "subjectBlobCids": [],
    "subjectHandle": "alice.test",
  },
  {
    "createdAt": "1970-01-01T00:00:00.000Z",
    "createdBy": "user(0)",
    "event": {
      "$type": "tools.ozone.moderation.defs#modEventTakedown",
      "comment": "First sev-1 violation",
      "policies": [
        "spam-policy",
      ],
      "severityLevel": "sev-1",
      "strikeCount": 0,
    },
    "id": 5,
    "subject": {
      "$type": "com.atproto.repo.strongRef",
      "cid": "cids(2)",
      "uri": "record(2)",
    },
    "subjectBlobCids": [],
    "subjectHandle": "alice.test",
  },
  {
    "createdAt": "1970-01-01T00:00:00.000Z",
    "createdBy": "user(0)",
    "event": {
      "$type": "tools.ozone.moderation.defs#modEventTakedown",
      "comment": "Second violation",
      "severityLevel": "sev-2",
      "strikeCount": 2,
    },
    "id": 3,
    "subject": {
      "$type": "com.atproto.repo.strongRef",
      "cid": "cids(3)",
      "uri": "record(3)",
    },
    "subjectBlobCids": [],
    "subjectHandle": "alice.test",
  },
  {
    "createdAt": "1970-01-01T00:00:00.000Z",
    "createdBy": "user(0)",
    "event": {
      "$type": "tools.ozone.moderation.defs#modEventTakedown",
      "comment": "First violation",
      "severityLevel": "sev-2",
      "strikeCount": 2,
    },
    "id": 1,
    "subject": {
      "$type": "com.atproto.repo.strongRef",
      "cid": "cids(0)",
      "uri": "record(0)",
    },
    "subjectBlobCids": [],
    "subjectHandle": "alice.test",
  },
]
`;
