// Jest Snapshot v1, https://jestjs.io/docs/snapshot-testing

exports[`blob divert sends blobs to configured divert service and marks divert date 1`] = `
{
  "createdAt": "1970-01-01T00:00:00.000Z",
  "createdBy": "user(0)",
  "event": {
    "$type": "tools.ozone.moderation.defs#modEventDivert",
    "comment": "Diverting for test",
  },
  "id": 1,
  "subject": {
    "$type": "com.atproto.repo.strongRef",
    "cid": "cids(0)",
    "uri": "record(0)",
  },
  "subjectBlobCids": [
    "cids(1)",
    "cids(2)",
  ],
}
`;

exports[`blob divert sends blobs to configured divert service and marks divert date 2`] = `
{
  "createdAt": "1970-01-01T00:00:00.000Z",
  "createdBy": "user(1)",
  "event": {
    "$type": "tools.ozone.moderation.defs#modEventDivert",
    "comment": "Diverting for test",
  },
  "id": 1,
  "subject": {
    "$type": "tools.ozone.moderation.defs#recordView",
    "blobCids": [
      "cids(1)",
      "cids(2)",
    ],
    "cid": "cids(0)",
    "indexedAt": "1970-01-01T00:00:00.000Z",
    "moderation": {
      "subjectStatus": {
        "accountStats": {
          "$type": "tools.ozone.moderation.defs#accountStats",
        },
        "ageAssuranceState": "unknown",
        "createdAt": "1970-01-01T00:00:00.000Z",
        "hosting": {
          "$type": "tools.ozone.moderation.defs#recordHosting",
          "status": "unknown",
        },
        "id": 1,
        "lastReviewedAt": "1970-01-01T00:00:00.000Z",
        "lastReviewedBy": "user(1)",
        "priorityScore": 0,
        "recordsStats": {
          "$type": "tools.ozone.moderation.defs#recordsStats",
        },
        "reviewState": "tools.ozone.moderation.defs#reviewClosed",
        "subject": {
          "$type": "com.atproto.repo.strongRef",
          "cid": "cids(0)",
          "uri": "record(0)",
        },
        "subjectBlobCids": [
          "cids(1)",
          "cids(2)",
        ],
        "subjectRepoHandle": "carol.test",
        "tags": [
          "lang:it",
          "embed:image",
        ],
        "takendown": true,
        "updatedAt": "1970-01-01T00:00:00.000Z",
      },
    },
    "repo": {
      "did": "user(0)",
      "handle": "carol.test",
      "indexedAt": "1970-01-01T00:00:00.000Z",
      "moderation": {},
      "relatedRecords": [],
    },
    "uri": "record(0)",
    "value": {
      "$type": "app.bsky.feed.post",
      "createdAt": "1970-01-01T00:00:00.000Z",
      "embed": {
        "$type": "app.bsky.embed.recordWithMedia",
        "media": {
          "$type": "app.bsky.embed.images",
          "images": [
            {
              "alt": "../dev-env/assets/key-landscape-small.jpg",
              "image": {
                "$type": "blob",
                "mimeType": "image/jpeg",
                "ref": {
                  "$link": "cids(1)",
                },
                "size": 4114,
              },
            },
            {
              "alt": "../dev-env/assets/key-alt.jpg",
              "image": {
                "$type": "blob",
                "mimeType": "image/jpeg",
                "ref": {
                  "$link": "cids(2)",
                },
                "size": 12736,
              },
            },
          ],
        },
        "record": {
          "record": {
            "cid": "cids(3)",
            "uri": "record(1)",
          },
        },
      },
      "text": "hi im carol",
    },
  },
  "subjectBlobCids": [
    "cids(1)",
    "cids(2)",
  ],
  "subjectBlobs": [
    {
      "cid": "cids(1)",
      "createdAt": "1970-01-01T00:00:00.000Z",
      "mimeType": "image/jpeg",
      "moderation": {
        "subjectStatus": {
          "accountStats": {
            "$type": "tools.ozone.moderation.defs#accountStats",
          },
          "ageAssuranceState": "unknown",
          "createdAt": "1970-01-01T00:00:00.000Z",
          "hosting": {
            "$type": "tools.ozone.moderation.defs#recordHosting",
            "status": "unknown",
          },
          "id": 1,
          "lastReviewedAt": "1970-01-01T00:00:00.000Z",
          "lastReviewedBy": "user(1)",
          "priorityScore": 0,
          "recordsStats": {
            "$type": "tools.ozone.moderation.defs#recordsStats",
          },
          "reviewState": "tools.ozone.moderation.defs#reviewClosed",
          "subject": {
            "$type": "com.atproto.repo.strongRef",
            "cid": "cids(0)",
            "uri": "record(0)",
          },
          "subjectBlobCids": [
            "cids(1)",
            "cids(2)",
          ],
          "tags": [
            "lang:it",
            "embed:image",
          ],
          "takendown": true,
          "updatedAt": "1970-01-01T00:00:00.000Z",
        },
      },
      "size": 4114,
    },
    {
      "cid": "cids(2)",
      "createdAt": "1970-01-01T00:00:00.000Z",
      "mimeType": "image/jpeg",
      "moderation": {
        "subjectStatus": {
          "accountStats": {
            "$type": "tools.ozone.moderation.defs#accountStats",
          },
          "ageAssuranceState": "unknown",
          "createdAt": "1970-01-01T00:00:00.000Z",
          "hosting": {
            "$type": "tools.ozone.moderation.defs#recordHosting",
            "status": "unknown",
          },
          "id": 1,
          "lastReviewedAt": "1970-01-01T00:00:00.000Z",
          "lastReviewedBy": "user(1)",
          "priorityScore": 0,
          "recordsStats": {
            "$type": "tools.ozone.moderation.defs#recordsStats",
          },
          "reviewState": "tools.ozone.moderation.defs#reviewClosed",
          "subject": {
            "$type": "com.atproto.repo.strongRef",
            "cid": "cids(0)",
            "uri": "record(0)",
          },
          "subjectBlobCids": [
            "cids(1)",
            "cids(2)",
          ],
          "tags": [
            "lang:it",
            "embed:image",
          ],
          "takendown": true,
          "updatedAt": "1970-01-01T00:00:00.000Z",
        },
      },
      "size": 12736,
    },
  ],
}
`;
