// Jest Snapshot v1, https://jestjs.io/docs/snapshot-testing

exports[`admin get repo view gets a repo by did, even when taken down. 1`] = `
{
  "did": "user(0)",
  "email": "alice@test.com",
  "handle": "alice.test",
  "indexedAt": "1970-01-01T00:00:00.000Z",
  "invites": [],
  "invitesDisabled": false,
  "labels": [
    {
      "cts": "1970-01-01T00:00:00.000Z",
      "sig": {
        "$bytes": "sig(0)",
      },
      "src": "user(2)",
      "uri": "user(0)",
      "val": "!takedown",
      "ver": 1,
    },
  ],
  "moderation": {
    "subjectStatus": {
      "accountStats": {
        "$type": "tools.ozone.moderation.defs#accountStats",
        "appealCount": 0,
        "escalateCount": 0,
        "reportCount": 2,
        "suspendCount": 0,
        "takedownCount": 1,
      },
      "ageAssuranceState": "unknown",
      "createdAt": "1970-01-01T00:00:00.000Z",
      "hosting": {
        "$type": "tools.ozone.moderation.defs#accountHosting",
        "status": "unknown",
      },
      "id": 1,
      "lastReportedAt": "1970-01-01T00:00:00.000Z",
      "lastReviewedAt": "1970-01-01T00:00:00.000Z",
      "lastReviewedBy": "user(1)",
      "priorityScore": 0,
      "recordsStats": {
        "$type": "tools.ozone.moderation.defs#recordsStats",
      },
      "reviewState": "tools.ozone.moderation.defs#reviewClosed",
      "subject": {
        "$type": "com.atproto.admin.defs#repoRef",
        "did": "user(0)",
      },
      "subjectBlobCids": [],
      "subjectRepoHandle": "alice.test",
      "tags": [
        "lang:und",
        "report:spam",
        "report:other",
      ],
      "takendown": true,
      "updatedAt": "1970-01-01T00:00:00.000Z",
    },
  },
  "relatedRecords": [
    {
      "$type": "app.bsky.actor.profile",
      "avatar": {
        "$type": "blob",
        "mimeType": "image/jpeg",
        "ref": {
          "$link": "cids(0)",
        },
        "size": 3976,
      },
      "createdAt": "1970-01-01T00:00:00.000Z",
      "description": "its me!",
      "displayName": "ali",
      "labels": {
        "$type": "com.atproto.label.defs#selfLabels",
        "values": [
          {
            "val": "self-label-a",
          },
          {
            "val": "self-label-b",
          },
        ],
      },
    },
  ],
}
`;
