// Jest Snapshot v1, https://jestjs.io/docs/snapshot-testing

exports[`admin get multiple subjects with all relevant details gets multiple subjects with records 1`] = `
[
  {
    "profile": {
      "$type": "app.bsky.actor.defs#profileViewDetailed",
      "associated": {
        "activitySubscription": {
          "allowSubscriptions": "followers",
        },
        "feedgens": 0,
        "labeler": false,
        "lists": 0,
        "starterPacks": 0,
      },
      "avatar": "https://bsky.public.url/img/avatar/plain/user(3)/cids(0)@jpeg",
      "createdAt": "1970-01-01T00:00:00.000Z",
      "description": "its me!",
      "did": "user(0)",
      "displayName": "ali",
      "followersCount": 2,
      "followsCount": 3,
      "handle": "alice.test",
      "indexedAt": "1970-01-01T00:00:00.000Z",
      "labels": [
        {
          "cid": "cids(1)",
          "cts": "1970-01-01T00:00:00.000Z",
          "src": "user(0)",
          "uri": "record(0)",
          "val": "self-label-a",
        },
        {
          "cid": "cids(1)",
          "cts": "1970-01-01T00:00:00.000Z",
          "src": "user(0)",
          "uri": "record(0)",
          "val": "self-label-b",
        },
      ],
      "postsCount": 4,
      "viewer": {
        "blockedBy": false,
        "muted": false,
      },
    },
    "repo": {
      "did": "user(0)",
      "email": "alice@test.com",
      "handle": "alice.test",
      "indexedAt": "1970-01-01T00:00:00.000Z",
      "invites": [],
      "invitesDisabled": false,
      "labels": [
        {
          "cts": "1970-01-01T00:00:00.000Z",
          "sig": {
            "$bytes": "sig(0)",
          },
          "src": "user(2)",
          "uri": "user(0)",
          "val": "!takedown",
          "ver": 1,
        },
      ],
      "moderation": {
        "subjectStatus": {
          "accountStats": {
            "$type": "tools.ozone.moderation.defs#accountStats",
            "appealCount": 0,
            "escalateCount": 0,
            "reportCount": 1,
            "suspendCount": 0,
            "takedownCount": 1,
          },
          "ageAssuranceState": "unknown",
          "createdAt": "1970-01-01T00:00:00.000Z",
          "hosting": {
            "$type": "tools.ozone.moderation.defs#accountHosting",
            "status": "unknown",
          },
          "id": 3,
          "lastReportedAt": "1970-01-01T00:00:00.000Z",
          "lastReviewedAt": "1970-01-01T00:00:00.000Z",
          "lastReviewedBy": "user(1)",
          "priorityScore": 0,
          "recordsStats": {
            "$type": "tools.ozone.moderation.defs#recordsStats",
            "appealedCount": 0,
            "escalatedCount": 0,
            "pendingCount": 1,
            "processedCount": 0,
            "reportedCount": 1,
            "subjectCount": 1,
            "takendownCount": 0,
            "totalReports": 1,
          },
          "reviewState": "tools.ozone.moderation.defs#reviewClosed",
          "subject": {
            "$type": "com.atproto.admin.defs#repoRef",
            "did": "user(0)",
          },
          "subjectBlobCids": [],
          "subjectRepoHandle": "alice.test",
          "tags": [
            "report:other",
            "lang:und",
          ],
          "takendown": true,
          "updatedAt": "1970-01-01T00:00:00.000Z",
        },
      },
      "relatedRecords": [
        {
          "$type": "app.bsky.actor.profile",
          "avatar": {
            "$type": "blob",
            "mimeType": "image/jpeg",
            "ref": {
              "$link": "cids(0)",
            },
            "size": 3976,
          },
          "createdAt": "1970-01-01T00:00:00.000Z",
          "description": "its me!",
          "displayName": "ali",
          "labels": {
            "$type": "com.atproto.label.defs#selfLabels",
            "values": [
              {
                "val": "self-label-a",
              },
              {
                "val": "self-label-b",
              },
            ],
          },
        },
      ],
    },
    "status": {
      "accountStats": {
        "$type": "tools.ozone.moderation.defs#accountStats",
        "appealCount": 0,
        "escalateCount": 0,
        "reportCount": 1,
        "suspendCount": 0,
        "takedownCount": 1,
      },
      "ageAssuranceState": "unknown",
      "createdAt": "1970-01-01T00:00:00.000Z",
      "hosting": {
        "$type": "tools.ozone.moderation.defs#accountHosting",
        "status": "unknown",
      },
      "id": 3,
      "lastReportedAt": "1970-01-01T00:00:00.000Z",
      "lastReviewedAt": "1970-01-01T00:00:00.000Z",
      "lastReviewedBy": "user(1)",
      "priorityScore": 0,
      "recordsStats": {
        "$type": "tools.ozone.moderation.defs#recordsStats",
        "appealedCount": 0,
        "escalatedCount": 0,
        "pendingCount": 1,
        "processedCount": 0,
        "reportedCount": 1,
        "subjectCount": 1,
        "takendownCount": 0,
        "totalReports": 1,
      },
      "reviewState": "tools.ozone.moderation.defs#reviewClosed",
      "subject": {
        "$type": "com.atproto.admin.defs#repoRef",
        "did": "user(0)",
      },
      "subjectBlobCids": [],
      "subjectRepoHandle": "alice.test",
      "tags": [
        "report:other",
        "lang:und",
      ],
      "takendown": true,
      "updatedAt": "1970-01-01T00:00:00.000Z",
    },
    "subject": "user(0)",
    "type": "account",
  },
  {
    "profile": {
      "$type": "app.bsky.actor.defs#profileViewDetailed",
      "associated": {
        "activitySubscription": {
          "allowSubscriptions": "followers",
        },
        "feedgens": 0,
        "labeler": false,
        "lists": 0,
        "starterPacks": 0,
      },
      "avatar": "https://bsky.public.url/img/avatar/plain/user(3)/cids(0)@jpeg",
      "createdAt": "1970-01-01T00:00:00.000Z",
      "description": "its me!",
      "did": "user(0)",
      "displayName": "ali",
      "followersCount": 2,
      "followsCount": 3,
      "handle": "alice.test",
      "indexedAt": "1970-01-01T00:00:00.000Z",
      "labels": [
        {
          "cid": "cids(1)",
          "cts": "1970-01-01T00:00:00.000Z",
          "src": "user(0)",
          "uri": "record(0)",
          "val": "self-label-a",
        },
        {
          "cid": "cids(1)",
          "cts": "1970-01-01T00:00:00.000Z",
          "src": "user(0)",
          "uri": "record(0)",
          "val": "self-label-b",
        },
      ],
      "postsCount": 4,
      "viewer": {
        "blockedBy": false,
        "muted": false,
      },
    },
    "record": {
      "blobCids": [],
      "blobs": [],
      "cid": "cids(2)",
      "indexedAt": "1970-01-01T00:00:00.000Z",
      "labels": [
        {
          "cid": "cids(2)",
          "cts": "1970-01-01T00:00:00.000Z",
          "src": "user(0)",
          "uri": "record(1)",
          "val": "self-label",
        },
      ],
      "moderation": {
        "subjectStatus": {
          "accountStats": {
            "$type": "tools.ozone.moderation.defs#accountStats",
            "appealCount": 0,
            "escalateCount": 0,
            "reportCount": 1,
            "suspendCount": 0,
            "takedownCount": 1,
          },
          "ageAssuranceState": "unknown",
          "createdAt": "1970-01-01T00:00:00.000Z",
          "hosting": {
            "$type": "tools.ozone.moderation.defs#recordHosting",
            "status": "unknown",
          },
          "id": 1,
          "lastReportedAt": "1970-01-01T00:00:00.000Z",
          "priorityScore": 0,
          "recordsStats": {
            "$type": "tools.ozone.moderation.defs#recordsStats",
            "appealedCount": 0,
            "escalatedCount": 0,
            "pendingCount": 1,
            "processedCount": 0,
            "reportedCount": 1,
            "subjectCount": 1,
            "takendownCount": 0,
            "totalReports": 1,
          },
          "reviewState": "tools.ozone.moderation.defs#reviewOpen",
          "subject": {
            "$type": "com.atproto.repo.strongRef",
            "cid": "cids(2)",
            "uri": "record(1)",
          },
          "subjectBlobCids": [],
          "subjectRepoHandle": "alice.test",
          "tags": [
            "report:spam",
            "lang:en",
          ],
          "takendown": false,
          "updatedAt": "1970-01-01T00:00:00.000Z",
        },
      },
      "repo": {
        "did": "user(0)",
        "handle": "alice.test",
        "indexedAt": "1970-01-01T00:00:00.000Z",
        "moderation": {
          "subjectStatus": {
            "accountStats": {
              "$type": "tools.ozone.moderation.defs#accountStats",
              "appealCount": 0,
              "escalateCount": 0,
              "reportCount": 1,
              "suspendCount": 0,
              "takedownCount": 1,
            },
            "ageAssuranceState": "unknown",
            "createdAt": "1970-01-01T00:00:00.000Z",
            "hosting": {
              "$type": "tools.ozone.moderation.defs#accountHosting",
              "status": "unknown",
            },
            "id": 3,
            "lastReportedAt": "1970-01-01T00:00:00.000Z",
            "lastReviewedAt": "1970-01-01T00:00:00.000Z",
            "lastReviewedBy": "user(1)",
            "priorityScore": 0,
            "recordsStats": {
              "$type": "tools.ozone.moderation.defs#recordsStats",
              "appealedCount": 0,
              "escalatedCount": 0,
              "pendingCount": 1,
              "processedCount": 0,
              "reportedCount": 1,
              "subjectCount": 1,
              "takendownCount": 0,
              "totalReports": 1,
            },
            "reviewState": "tools.ozone.moderation.defs#reviewClosed",
            "subject": {
              "$type": "com.atproto.admin.defs#repoRef",
              "did": "user(0)",
            },
            "subjectBlobCids": [],
            "subjectRepoHandle": "alice.test",
            "tags": [
              "report:other",
              "lang:und",
            ],
            "takendown": true,
            "updatedAt": "1970-01-01T00:00:00.000Z",
          },
        },
        "relatedRecords": [
          {
            "$type": "app.bsky.actor.profile",
            "avatar": {
              "$type": "blob",
              "mimeType": "image/jpeg",
              "ref": {
                "$link": "cids(0)",
              },
              "size": 3976,
            },
            "createdAt": "1970-01-01T00:00:00.000Z",
            "description": "its me!",
            "displayName": "ali",
            "labels": {
              "$type": "com.atproto.label.defs#selfLabels",
              "values": [
                {
                  "val": "self-label-a",
                },
                {
                  "val": "self-label-b",
                },
              ],
            },
          },
        ],
      },
      "uri": "record(1)",
      "value": {
        "$type": "app.bsky.feed.post",
        "createdAt": "1970-01-01T00:00:00.000Z",
        "labels": {
          "$type": "com.atproto.label.defs#selfLabels",
          "values": [
            {
              "val": "self-label",
            },
          ],
        },
        "text": "hey there",
      },
    },
    "repo": {
      "did": "user(0)",
      "email": "alice@test.com",
      "handle": "alice.test",
      "indexedAt": "1970-01-01T00:00:00.000Z",
      "invites": [],
      "invitesDisabled": false,
      "labels": [
        {
          "cts": "1970-01-01T00:00:00.000Z",
          "sig": {
            "$bytes": "sig(0)",
          },
          "src": "user(2)",
          "uri": "user(0)",
          "val": "!takedown",
          "ver": 1,
        },
      ],
      "moderation": {
        "subjectStatus": {
          "accountStats": {
            "$type": "tools.ozone.moderation.defs#accountStats",
            "appealCount": 0,
            "escalateCount": 0,
            "reportCount": 1,
            "suspendCount": 0,
            "takedownCount": 1,
          },
          "ageAssuranceState": "unknown",
          "createdAt": "1970-01-01T00:00:00.000Z",
          "hosting": {
            "$type": "tools.ozone.moderation.defs#accountHosting",
            "status": "unknown",
          },
          "id": 3,
          "lastReportedAt": "1970-01-01T00:00:00.000Z",
          "lastReviewedAt": "1970-01-01T00:00:00.000Z",
          "lastReviewedBy": "user(1)",
          "priorityScore": 0,
          "recordsStats": {
            "$type": "tools.ozone.moderation.defs#recordsStats",
            "appealedCount": 0,
            "escalatedCount": 0,
            "pendingCount": 1,
            "processedCount": 0,
            "reportedCount": 1,
            "subjectCount": 1,
            "takendownCount": 0,
            "totalReports": 1,
          },
          "reviewState": "tools.ozone.moderation.defs#reviewClosed",
          "subject": {
            "$type": "com.atproto.admin.defs#repoRef",
            "did": "user(0)",
          },
          "subjectBlobCids": [],
          "subjectRepoHandle": "alice.test",
          "tags": [
            "report:other",
            "lang:und",
          ],
          "takendown": true,
          "updatedAt": "1970-01-01T00:00:00.000Z",
        },
      },
      "relatedRecords": [
        {
          "$type": "app.bsky.actor.profile",
          "avatar": {
            "$type": "blob",
            "mimeType": "image/jpeg",
            "ref": {
              "$link": "cids(0)",
            },
            "size": 3976,
          },
          "createdAt": "1970-01-01T00:00:00.000Z",
          "description": "its me!",
          "displayName": "ali",
          "labels": {
            "$type": "com.atproto.label.defs#selfLabels",
            "values": [
              {
                "val": "self-label-a",
              },
              {
                "val": "self-label-b",
              },
            ],
          },
        },
      ],
    },
    "status": {
      "accountStats": {
        "$type": "tools.ozone.moderation.defs#accountStats",
        "appealCount": 0,
        "escalateCount": 0,
        "reportCount": 1,
        "suspendCount": 0,
        "takedownCount": 1,
      },
      "ageAssuranceState": "unknown",
      "createdAt": "1970-01-01T00:00:00.000Z",
      "hosting": {
        "$type": "tools.ozone.moderation.defs#recordHosting",
        "status": "unknown",
      },
      "id": 1,
      "lastReportedAt": "1970-01-01T00:00:00.000Z",
      "priorityScore": 0,
      "recordsStats": {
        "$type": "tools.ozone.moderation.defs#recordsStats",
        "appealedCount": 0,
        "escalatedCount": 0,
        "pendingCount": 1,
        "processedCount": 0,
        "reportedCount": 1,
        "subjectCount": 1,
        "takendownCount": 0,
        "totalReports": 1,
      },
      "reviewState": "tools.ozone.moderation.defs#reviewOpen",
      "subject": {
        "$type": "com.atproto.repo.strongRef",
        "cid": "cids(2)",
        "uri": "record(1)",
      },
      "subjectBlobCids": [],
      "subjectRepoHandle": "alice.test",
      "tags": [
        "report:spam",
        "lang:en",
      ],
      "takendown": false,
      "updatedAt": "1970-01-01T00:00:00.000Z",
    },
    "subject": "record(1)",
    "type": "record",
  },
]
`;
