// Jest Snapshot v1, https://jestjs.io/docs/snapshot-testing

exports[`admin get records view get multiple records by uris 1`] = `
{
  "records": [
    {
      "$type": "tools.ozone.moderation.defs#recordViewDetail",
      "blobCids": [],
      "blobs": [],
      "cid": "cids(0)",
      "indexedAt": "1970-01-01T00:00:00.000Z",
      "labels": [
        {
          "cid": "cids(0)",
          "cts": "1970-01-01T00:00:00.000Z",
          "sig": {
            "$bytes": "sig(0)",
          },
          "src": "user(2)",
          "uri": "record(0)",
          "val": "!takedown",
          "ver": 1,
        },
        {
          "cid": "cids(0)",
          "cts": "1970-01-01T00:00:00.000Z",
          "src": "user(0)",
          "uri": "record(0)",
          "val": "self-label",
        },
      ],
      "moderation": {
        "subjectStatus": {
          "accountStats": {
            "$type": "tools.ozone.moderation.defs#accountStats",
          },
          "ageAssuranceState": "unknown",
          "createdAt": "1970-01-01T00:00:00.000Z",
          "hosting": {
            "$type": "tools.ozone.moderation.defs#recordHosting",
            "status": "unknown",
          },
          "id": 1,
          "lastReportedAt": "1970-01-01T00:00:00.000Z",
          "lastReviewedAt": "1970-01-01T00:00:00.000Z",
          "lastReviewedBy": "user(1)",
          "priorityScore": 0,
          "recordsStats": {
            "$type": "tools.ozone.moderation.defs#recordsStats",
            "appealedCount": 0,
            "escalatedCount": 0,
            "pendingCount": 0,
            "processedCount": 1,
            "reportedCount": 1,
            "subjectCount": 1,
            "takendownCount": 1,
            "totalReports": 2,
          },
          "reviewState": "tools.ozone.moderation.defs#reviewClosed",
          "subject": {
            "$type": "com.atproto.repo.strongRef",
            "cid": "cids(0)",
            "uri": "record(0)",
          },
          "subjectBlobCids": [],
          "subjectRepoHandle": "alice.test",
          "tags": [
            "report:spam",
            "lang:en",
            "report:other",
          ],
          "takendown": true,
          "updatedAt": "1970-01-01T00:00:00.000Z",
        },
      },
      "repo": {
        "did": "user(0)",
        "email": "alice@test.com",
        "handle": "alice.test",
        "indexedAt": "1970-01-01T00:00:00.000Z",
        "invitesDisabled": false,
        "moderation": {},
        "relatedRecords": [
          {
            "$type": "app.bsky.actor.profile",
            "avatar": {
              "$type": "blob",
              "mimeType": "image/jpeg",
              "ref": {
                "$link": "cids(1)",
              },
              "size": 3976,
            },
            "createdAt": "1970-01-01T00:00:00.000Z",
            "description": "its me!",
            "displayName": "ali",
            "labels": {
              "$type": "com.atproto.label.defs#selfLabels",
              "values": [
                {
                  "val": "self-label-a",
                },
                {
                  "val": "self-label-b",
                },
              ],
            },
          },
        ],
      },
      "uri": "record(0)",
      "value": {
        "$type": "app.bsky.feed.post",
        "createdAt": "1970-01-01T00:00:00.000Z",
        "labels": {
          "$type": "com.atproto.label.defs#selfLabels",
          "values": [
            {
              "val": "self-label",
            },
          ],
        },
        "text": "hey there",
      },
    },
    {
      "$type": "tools.ozone.moderation.defs#recordViewDetail",
      "blobCids": [],
      "blobs": [],
      "cid": "cids(2)",
      "indexedAt": "1970-01-01T00:00:00.000Z",
      "labels": [],
      "moderation": {},
      "repo": {
        "did": "user(3)",
        "email": "bob@test.com",
        "handle": "bob.test",
        "indexedAt": "1970-01-01T00:00:00.000Z",
        "invitesDisabled": false,
        "moderation": {},
        "relatedRecords": [
          {
            "$type": "app.bsky.actor.profile",
            "avatar": {
              "$type": "blob",
              "mimeType": "image/jpeg",
              "ref": {
                "$link": "cids(1)",
              },
              "size": 3976,
            },
            "createdAt": "1970-01-01T00:00:00.000Z",
            "description": "hi im bob label_me",
            "displayName": "bobby",
          },
        ],
      },
      "uri": "record(1)",
      "value": {
        "$type": "app.bsky.feed.post",
        "createdAt": "1970-01-01T00:00:00.000Z",
        "langs": [
          "en-US",
          "i-klingon",
        ],
        "text": "bob back at it again!",
      },
    },
    {
      "$type": "tools.ozone.moderation.defs#recordViewNotFound",
      "uri": "record(2)",
    },
  ],
}
`;
