// Jest Snapshot v1, https://jestjs.io/docs/snapshot-testing

exports[`team management addMember only allows admins to add member 1`] = `
{
  "createdAt": "1970-01-01T00:00:00.000Z",
  "did": "user(0)",
  "disabled": false,
  "lastUpdatedBy": "user(1)",
  "role": "tools.ozone.team.defs#roleAdmin",
  "updatedAt": "1970-01-01T00:00:00.000Z",
}
`;

exports[`team management listMembers allows all members to list all members 1`] = `
[
  {
    "createdAt": "1970-01-01T00:00:00.000Z",
    "did": "user(0)",
    "disabled": false,
    "lastUpdatedBy": "user(1)",
    "role": "tools.ozone.team.defs#roleAdmin",
    "updatedAt": "1970-01-01T00:00:00.000Z",
  },
  {
    "createdAt": "1970-01-01T00:00:00.000Z",
    "did": "user(2)",
    "disabled": false,
    "lastUpdatedBy": "user(1)",
    "role": "tools.ozone.team.defs#roleTriage",
    "updatedAt": "1970-01-01T00:00:00.000Z",
  },
  {
    "createdAt": "1970-01-01T00:00:00.000Z",
    "did": "user(3)",
    "disabled": false,
    "lastUpdatedBy": "user(1)",
    "role": "tools.ozone.team.defs#roleModerator",
    "updatedAt": "1970-01-01T00:00:00.000Z",
  },
  {
    "createdAt": "1970-01-01T00:00:00.000Z",
    "did": "user(4)",
    "disabled": false,
    "lastUpdatedBy": "user(1)",
    "role": "tools.ozone.team.defs#roleModerator",
    "updatedAt": "1970-01-01T00:00:00.000Z",
  },
  {
    "createdAt": "1970-01-01T00:00:00.000Z",
    "did": "user(1)",
    "disabled": false,
    "lastUpdatedBy": "user(1)",
    "profile": {
      "associated": {
        "activitySubscription": {
          "allowSubscriptions": "followers",
        },
        "feedgens": 0,
        "labeler": true,
        "lists": 0,
        "starterPacks": 0,
      },
      "description": "The pretend version of mod.bsky.app",
      "did": "user(1)",
      "displayName": "Dev-env Moderation",
      "followersCount": 0,
      "followsCount": 0,
      "handle": "mod-authority.test",
      "indexedAt": "1970-01-01T00:00:00.000Z",
      "labels": [],
      "postsCount": 0,
      "viewer": {
        "blockedBy": false,
        "muted": false,
      },
    },
    "role": "tools.ozone.team.defs#roleAdmin",
    "updatedAt": "1970-01-01T00:00:00.000Z",
  },
  {
    "createdAt": "1970-01-01T00:00:00.000Z",
    "did": "user(5)",
    "disabled": false,
    "lastUpdatedBy": "user(1)",
    "profile": {
      "associated": {
        "activitySubscription": {
          "allowSubscriptions": "followers",
        },
        "feedgens": 0,
        "labeler": false,
        "lists": 0,
        "starterPacks": 0,
      },
      "avatar": "https://bsky.public.url/img/avatar/plain/user(6)/cids(0)@jpeg",
      "createdAt": "1970-01-01T00:00:00.000Z",
      "description": "its me!",
      "did": "user(5)",
      "displayName": "ali",
      "followersCount": 2,
      "followsCount": 3,
      "handle": "alice.test",
      "indexedAt": "1970-01-01T00:00:00.000Z",
      "labels": [
        {
          "cid": "cids(1)",
          "cts": "1970-01-01T00:00:00.000Z",
          "src": "user(5)",
          "uri": "record(0)",
          "val": "self-label-a",
        },
        {
          "cid": "cids(1)",
          "cts": "1970-01-01T00:00:00.000Z",
          "src": "user(5)",
          "uri": "record(0)",
          "val": "self-label-b",
        },
      ],
      "postsCount": 4,
      "viewer": {
        "blockedBy": false,
        "muted": false,
      },
    },
    "role": "tools.ozone.team.defs#roleAdmin",
    "updatedAt": "1970-01-01T00:00:00.000Z",
  },
  {
    "createdAt": "1970-01-01T00:00:00.000Z",
    "did": "user(7)",
    "disabled": false,
    "lastUpdatedBy": "user(1)",
    "profile": {
      "associated": {
        "activitySubscription": {
          "allowSubscriptions": "followers",
        },
        "feedgens": 0,
        "labeler": false,
        "lists": 0,
        "starterPacks": 0,
      },
      "avatar": "https://bsky.public.url/img/avatar/plain/user(8)/cids(0)@jpeg",
      "createdAt": "1970-01-01T00:00:00.000Z",
      "description": "hi im bob label_me",
      "did": "user(7)",
      "displayName": "bobby",
      "followersCount": 2,
      "followsCount": 2,
      "handle": "bob.test",
      "indexedAt": "1970-01-01T00:00:00.000Z",
      "labels": [],
      "postsCount": 3,
      "viewer": {
        "blockedBy": false,
        "muted": false,
      },
    },
    "role": "tools.ozone.team.defs#roleModerator",
    "updatedAt": "1970-01-01T00:00:00.000Z",
  },
  {
    "createdAt": "1970-01-01T00:00:00.000Z",
    "did": "user(9)",
    "disabled": false,
    "lastUpdatedBy": "user(1)",
    "profile": {
      "associated": {
        "activitySubscription": {
          "allowSubscriptions": "followers",
        },
        "feedgens": 0,
        "labeler": false,
        "lists": 0,
        "starterPacks": 0,
      },
      "did": "user(9)",
      "followersCount": 2,
      "followsCount": 1,
      "handle": "carol.test",
      "labels": [],
      "postsCount": 2,
      "viewer": {
        "blockedBy": false,
        "muted": false,
      },
    },
    "role": "tools.ozone.team.defs#roleTriage",
    "updatedAt": "1970-01-01T00:00:00.000Z",
  },
]
`;

exports[`team management listMembers allows all members to list all members 2`] = `
[
  {
    "createdAt": "1970-01-01T00:00:00.000Z",
    "did": "user(0)",
    "disabled": false,
    "lastUpdatedBy": "user(1)",
    "role": "tools.ozone.team.defs#roleAdmin",
    "updatedAt": "1970-01-01T00:00:00.000Z",
  },
  {
    "createdAt": "1970-01-01T00:00:00.000Z",
    "did": "user(2)",
    "disabled": false,
    "lastUpdatedBy": "user(1)",
    "role": "tools.ozone.team.defs#roleTriage",
    "updatedAt": "1970-01-01T00:00:00.000Z",
  },
  {
    "createdAt": "1970-01-01T00:00:00.000Z",
    "did": "user(3)",
    "disabled": false,
    "lastUpdatedBy": "user(1)",
    "role": "tools.ozone.team.defs#roleModerator",
    "updatedAt": "1970-01-01T00:00:00.000Z",
  },
  {
    "createdAt": "1970-01-01T00:00:00.000Z",
    "did": "user(4)",
    "disabled": false,
    "lastUpdatedBy": "user(1)",
    "role": "tools.ozone.team.defs#roleModerator",
    "updatedAt": "1970-01-01T00:00:00.000Z",
  },
  {
    "createdAt": "1970-01-01T00:00:00.000Z",
    "did": "user(1)",
    "disabled": false,
    "lastUpdatedBy": "user(1)",
    "profile": {
      "associated": {
        "activitySubscription": {
          "allowSubscriptions": "followers",
        },
        "feedgens": 0,
        "labeler": true,
        "lists": 0,
        "starterPacks": 0,
      },
      "description": "The pretend version of mod.bsky.app",
      "did": "user(1)",
      "displayName": "Dev-env Moderation",
      "followersCount": 0,
      "followsCount": 0,
      "handle": "mod-authority.test",
      "indexedAt": "1970-01-01T00:00:00.000Z",
      "labels": [],
      "postsCount": 0,
      "viewer": {
        "blockedBy": false,
        "muted": false,
      },
    },
    "role": "tools.ozone.team.defs#roleAdmin",
    "updatedAt": "1970-01-01T00:00:00.000Z",
  },
  {
    "createdAt": "1970-01-01T00:00:00.000Z",
    "did": "user(5)",
    "disabled": false,
    "lastUpdatedBy": "user(1)",
    "profile": {
      "associated": {
        "activitySubscription": {
          "allowSubscriptions": "followers",
        },
        "feedgens": 0,
        "labeler": false,
        "lists": 0,
        "starterPacks": 0,
      },
      "avatar": "https://bsky.public.url/img/avatar/plain/user(6)/cids(0)@jpeg",
      "createdAt": "1970-01-01T00:00:00.000Z",
      "description": "its me!",
      "did": "user(5)",
      "displayName": "ali",
      "followersCount": 2,
      "followsCount": 3,
      "handle": "alice.test",
      "indexedAt": "1970-01-01T00:00:00.000Z",
      "labels": [
        {
          "cid": "cids(1)",
          "cts": "1970-01-01T00:00:00.000Z",
          "src": "user(5)",
          "uri": "record(0)",
          "val": "self-label-a",
        },
        {
          "cid": "cids(1)",
          "cts": "1970-01-01T00:00:00.000Z",
          "src": "user(5)",
          "uri": "record(0)",
          "val": "self-label-b",
        },
      ],
      "postsCount": 4,
      "viewer": {
        "blockedBy": false,
        "muted": false,
      },
    },
    "role": "tools.ozone.team.defs#roleAdmin",
    "updatedAt": "1970-01-01T00:00:00.000Z",
  },
  {
    "createdAt": "1970-01-01T00:00:00.000Z",
    "did": "user(7)",
    "disabled": false,
    "lastUpdatedBy": "user(1)",
    "profile": {
      "associated": {
        "activitySubscription": {
          "allowSubscriptions": "followers",
        },
        "feedgens": 0,
        "labeler": false,
        "lists": 0,
        "starterPacks": 0,
      },
      "avatar": "https://bsky.public.url/img/avatar/plain/user(8)/cids(0)@jpeg",
      "createdAt": "1970-01-01T00:00:00.000Z",
      "description": "hi im bob label_me",
      "did": "user(7)",
      "displayName": "bobby",
      "followersCount": 2,
      "followsCount": 2,
      "handle": "bob.test",
      "indexedAt": "1970-01-01T00:00:00.000Z",
      "labels": [],
      "postsCount": 3,
      "viewer": {
        "blockedBy": false,
        "muted": false,
      },
    },
    "role": "tools.ozone.team.defs#roleModerator",
    "updatedAt": "1970-01-01T00:00:00.000Z",
  },
  {
    "createdAt": "1970-01-01T00:00:00.000Z",
    "did": "user(9)",
    "disabled": false,
    "lastUpdatedBy": "user(1)",
    "profile": {
      "associated": {
        "activitySubscription": {
          "allowSubscriptions": "followers",
        },
        "feedgens": 0,
        "labeler": false,
        "lists": 0,
        "starterPacks": 0,
      },
      "did": "user(9)",
      "followersCount": 2,
      "followsCount": 1,
      "handle": "carol.test",
      "labels": [],
      "postsCount": 2,
      "viewer": {
        "blockedBy": false,
        "muted": false,
      },
    },
    "role": "tools.ozone.team.defs#roleTriage",
    "updatedAt": "1970-01-01T00:00:00.000Z",
  },
]
`;
