// Jest Snapshot v1, https://jestjs.io/docs/snapshot-testing

exports[`verification-listener indexes new and revoked verifications 1`] = `
[
  {
    "$type": "tools.ozone.verification.defs#verificationView",
    "createdAt": "1970-01-01T00:00:00.000Z",
    "displayName": "Alice",
    "handle": "alice.test",
    "issuer": "user(0)",
    "issuerProfile": {
      "$type": "app.bsky.actor.defs#profileViewDetailed",
      "associated": {
        "activitySubscription": {
          "allowSubscriptions": "followers",
        },
        "feedgens": 0,
        "labeler": false,
        "lists": 0,
        "starterPacks": 0,
      },
      "avatar": "https://bsky.public.url/img/avatar/plain/user(3)/cids(0)@jpeg",
      "createdAt": "1970-01-01T00:00:00.000Z",
      "description": "hi im bob label_me",
      "did": "user(0)",
      "displayName": "bobby",
      "followersCount": 2,
      "followsCount": 2,
      "handle": "bob.test",
      "indexedAt": "1970-01-01T00:00:00.000Z",
      "labels": [],
      "postsCount": 3,
      "viewer": {
        "blockedBy": false,
        "muted": false,
      },
    },
    "issuerRepo": {
      "$type": "tools.ozone.moderation.defs#repoViewDetail",
      "did": "user(0)",
      "email": "bob@test.com",
      "handle": "bob.test",
      "indexedAt": "1970-01-01T00:00:00.000Z",
      "invites": [],
      "invitesDisabled": false,
      "labels": [],
      "moderation": {},
      "relatedRecords": [
        {
          "$type": "app.bsky.actor.profile",
          "avatar": {
            "$type": "blob",
            "mimeType": "image/jpeg",
            "ref": {
              "$link": "cids(0)",
            },
            "size": 3976,
          },
          "createdAt": "1970-01-01T00:00:00.000Z",
          "description": "hi im bob label_me",
          "displayName": "bobby",
        },
      ],
    },
    "revokedAt": "1970-01-01T00:00:00.000Z",
    "revokedBy": "user(0)",
    "subject": "user(1)",
    "subjectProfile": {
      "$type": "app.bsky.actor.defs#profileViewDetailed",
      "associated": {
        "activitySubscription": {
          "allowSubscriptions": "followers",
        },
        "feedgens": 0,
        "labeler": false,
        "lists": 0,
        "starterPacks": 0,
      },
      "avatar": "https://bsky.public.url/img/avatar/plain/user(2)/cids(0)@jpeg",
      "createdAt": "1970-01-01T00:00:00.000Z",
      "description": "its me!",
      "did": "user(1)",
      "displayName": "ali",
      "followersCount": 2,
      "followsCount": 3,
      "handle": "alice.test",
      "indexedAt": "1970-01-01T00:00:00.000Z",
      "labels": [
        {
          "cid": "cids(1)",
          "cts": "1970-01-01T00:00:00.000Z",
          "src": "user(1)",
          "uri": "record(1)",
          "val": "self-label-a",
        },
        {
          "cid": "cids(1)",
          "cts": "1970-01-01T00:00:00.000Z",
          "src": "user(1)",
          "uri": "record(1)",
          "val": "self-label-b",
        },
      ],
      "postsCount": 4,
      "viewer": {
        "blockedBy": false,
        "muted": false,
      },
    },
    "subjectRepo": {
      "$type": "tools.ozone.moderation.defs#repoViewDetail",
      "did": "user(1)",
      "email": "alice@test.com",
      "handle": "alice.test",
      "indexedAt": "1970-01-01T00:00:00.000Z",
      "invites": [],
      "invitesDisabled": false,
      "labels": [],
      "moderation": {},
      "relatedRecords": [
        {
          "$type": "app.bsky.actor.profile",
          "avatar": {
            "$type": "blob",
            "mimeType": "image/jpeg",
            "ref": {
              "$link": "cids(0)",
            },
            "size": 3976,
          },
          "createdAt": "1970-01-01T00:00:00.000Z",
          "description": "its me!",
          "displayName": "ali",
          "labels": {
            "$type": "com.atproto.label.defs#selfLabels",
            "values": [
              {
                "val": "self-label-a",
              },
              {
                "val": "self-label-b",
              },
            ],
          },
        },
      ],
    },
    "updatedAt": "1970-01-01T00:00:00.000Z",
    "uri": "record(0)",
  },
]
`;
