// Jest Snapshot v1, https://jestjs.io/docs/snapshot-testing

exports[`appeal account takedown actor takedown allows appeal request. 1`] = `
{
  "accountStats": {
    "$type": "tools.ozone.moderation.defs#accountStats",
    "appealCount": 0,
    "escalateCount": 0,
    "reportCount": 0,
    "suspendCount": 0,
    "takedownCount": 1,
  },
  "ageAssuranceState": "unknown",
  "appealed": true,
  "createdAt": "1970-01-01T00:00:00.000Z",
  "hosting": {
    "$type": "tools.ozone.moderation.defs#accountHosting",
    "status": "unknown",
  },
  "id": 1,
  "lastAppealedAt": "1970-01-01T00:00:00.000Z",
  "lastReportedAt": "1970-01-01T00:00:00.000Z",
  "lastReviewedAt": "1970-01-01T00:00:00.000Z",
  "lastReviewedBy": "user(0)",
  "priorityScore": 0,
  "recordsStats": {
    "$type": "tools.ozone.moderation.defs#recordsStats",
  },
  "reviewState": "tools.ozone.moderation.defs#reviewEscalated",
  "subject": {
    "$type": "com.atproto.admin.defs#repoRef",
    "did": "user(1)",
  },
  "subjectBlobCids": [],
  "subjectRepoHandle": "jeff.test",
  "tags": [
    "lang:und",
    "report:appeal",
  ],
  "takendown": true,
  "updatedAt": "1970-01-01T00:00:00.000Z",
}
`;
