// Jest Snapshot v1, https://jestjs.io/docs/snapshot-testing

exports[`list feed views fetches list feed 1`] = `
[
  {
    "post": {
      "author": {
        "associated": {
          "activitySubscription": {
            "allowSubscriptions": "followers",
          },
        },
        "avatar": "https://bsky.public.url/img/avatar/plain/user(1)/cids(1)@jpeg",
        "createdAt": "1970-01-01T00:00:00.000Z",
        "did": "user(0)",
        "displayName": "ali",
        "handle": "alice.test",
        "labels": [
          {
            "cid": "cids(2)",
            "cts": "1970-01-01T00:00:00.000Z",
            "src": "user(0)",
            "uri": "record(3)",
            "val": "self-label-a",
          },
          {
            "cid": "cids(2)",
            "cts": "1970-01-01T00:00:00.000Z",
            "src": "user(0)",
            "uri": "record(3)",
            "val": "self-label-b",
          },
        ],
        "viewer": {
          "blockedBy": false,
          "followedBy": "record(2)",
          "following": "record(1)",
          "muted": false,
        },
      },
      "bookmarkCount": 0,
      "cid": "cids(0)",
      "indexedAt": "1970-01-01T00:00:00.000Z",
      "labels": [],
      "likeCount": 0,
      "quoteCount": 0,
      "record": {
        "$type": "app.bsky.feed.post",
        "createdAt": "1970-01-01T00:00:00.000Z",
        "reply": {
          "parent": {
            "cid": "cids(4)",
            "uri": "record(5)",
          },
          "root": {
            "cid": "cids(3)",
            "uri": "record(4)",
          },
        },
        "text": "thanks bob",
      },
      "replyCount": 0,
      "repostCount": 1,
      "uri": "record(0)",
      "viewer": {
        "bookmarked": false,
        "embeddingDisabled": false,
        "threadMuted": false,
      },
    },
    "reply": {
      "grandparentAuthor": {
        "associated": {
          "activitySubscription": {
            "allowSubscriptions": "followers",
          },
        },
        "avatar": "https://bsky.public.url/img/avatar/plain/user(1)/cids(1)@jpeg",
        "createdAt": "1970-01-01T00:00:00.000Z",
        "did": "user(0)",
        "displayName": "ali",
        "handle": "alice.test",
        "labels": [
          {
            "cid": "cids(2)",
            "cts": "1970-01-01T00:00:00.000Z",
            "src": "user(0)",
            "uri": "record(3)",
            "val": "self-label-a",
          },
          {
            "cid": "cids(2)",
            "cts": "1970-01-01T00:00:00.000Z",
            "src": "user(0)",
            "uri": "record(3)",
            "val": "self-label-b",
          },
        ],
        "viewer": {
          "blockedBy": false,
          "followedBy": "record(2)",
          "following": "record(1)",
          "muted": false,
        },
      },
      "parent": {
        "$type": "app.bsky.feed.defs#postView",
        "author": {
          "associated": {
            "activitySubscription": {
              "allowSubscriptions": "followers",
            },
          },
          "avatar": "https://bsky.public.url/img/avatar/plain/user(3)/cids(1)@jpeg",
          "createdAt": "1970-01-01T00:00:00.000Z",
          "did": "user(2)",
          "displayName": "bobby",
          "handle": "bob.test",
          "labels": [],
          "viewer": {
            "blockedBy": false,
            "followedBy": "record(7)",
            "muted": false,
          },
        },
        "bookmarkCount": 0,
        "cid": "cids(4)",
        "embed": {
          "$type": "app.bsky.embed.images#view",
          "images": [
            {
              "alt": "../dev-env/assets/key-landscape-small.jpg",
              "fullsize": "https://bsky.public.url/img/feed_fullsize/plain/user(3)/cids(5)@jpeg",
              "thumb": "https://bsky.public.url/img/feed_thumbnail/plain/user(3)/cids(5)@jpeg",
            },
          ],
        },
        "indexedAt": "1970-01-01T00:00:00.000Z",
        "labels": [
          {
            "cid": "cids(4)",
            "cts": "1970-01-01T00:00:00.000Z",
            "src": "did:example:labeler",
            "uri": "record(5)",
            "val": "test-label",
          },
          {
            "cid": "cids(4)",
            "cts": "1970-01-01T00:00:00.000Z",
            "src": "did:example:labeler",
            "uri": "record(5)",
            "val": "test-label-2",
          },
        ],
        "likeCount": 0,
        "quoteCount": 0,
        "record": {
          "$type": "app.bsky.feed.post",
          "createdAt": "1970-01-01T00:00:00.000Z",
          "embed": {
            "$type": "app.bsky.embed.images",
            "images": [
              {
                "alt": "../dev-env/assets/key-landscape-small.jpg",
                "image": {
                  "$type": "blob",
                  "mimeType": "image/jpeg",
                  "ref": {
                    "$link": "cids(5)",
                  },
                  "size": 4114,
                },
              },
            ],
          },
          "reply": {
            "parent": {
              "cid": "cids(3)",
              "uri": "record(4)",
            },
            "root": {
              "cid": "cids(3)",
              "uri": "record(4)",
            },
          },
          "text": "hear that label_me label_me_2",
        },
        "replyCount": 1,
        "repostCount": 0,
        "uri": "record(5)",
        "viewer": {
          "bookmarked": false,
          "embeddingDisabled": false,
          "threadMuted": false,
        },
      },
      "root": {
        "$type": "app.bsky.feed.defs#postView",
        "author": {
          "associated": {
            "activitySubscription": {
              "allowSubscriptions": "followers",
            },
          },
          "avatar": "https://bsky.public.url/img/avatar/plain/user(1)/cids(1)@jpeg",
          "createdAt": "1970-01-01T00:00:00.000Z",
          "did": "user(0)",
          "displayName": "ali",
          "handle": "alice.test",
          "labels": [
            {
              "cid": "cids(2)",
              "cts": "1970-01-01T00:00:00.000Z",
              "src": "user(0)",
              "uri": "record(3)",
              "val": "self-label-a",
            },
            {
              "cid": "cids(2)",
              "cts": "1970-01-01T00:00:00.000Z",
              "src": "user(0)",
              "uri": "record(3)",
              "val": "self-label-b",
            },
          ],
          "viewer": {
            "blockedBy": false,
            "followedBy": "record(2)",
            "following": "record(1)",
            "muted": false,
          },
        },
        "bookmarkCount": 0,
        "cid": "cids(3)",
        "indexedAt": "1970-01-01T00:00:00.000Z",
        "labels": [],
        "likeCount": 3,
        "quoteCount": 0,
        "record": {
          "$type": "app.bsky.feed.post",
          "createdAt": "1970-01-01T00:00:00.000000Z",
          "text": "again",
        },
        "replyCount": 2,
        "repostCount": 1,
        "uri": "record(4)",
        "viewer": {
          "bookmarked": false,
          "embeddingDisabled": false,
          "like": "record(6)",
          "threadMuted": false,
        },
      },
    },
  },
  {
    "post": {
      "author": {
        "associated": {
          "activitySubscription": {
            "allowSubscriptions": "followers",
          },
        },
        "avatar": "https://bsky.public.url/img/avatar/plain/user(3)/cids(1)@jpeg",
        "createdAt": "1970-01-01T00:00:00.000Z",
        "did": "user(2)",
        "displayName": "bobby",
        "handle": "bob.test",
        "labels": [],
        "viewer": {
          "blockedBy": false,
          "followedBy": "record(7)",
          "muted": false,
        },
      },
      "bookmarkCount": 0,
      "cid": "cids(4)",
      "embed": {
        "$type": "app.bsky.embed.images#view",
        "images": [
          {
            "alt": "../dev-env/assets/key-landscape-small.jpg",
            "fullsize": "https://bsky.public.url/img/feed_fullsize/plain/user(3)/cids(5)@jpeg",
            "thumb": "https://bsky.public.url/img/feed_thumbnail/plain/user(3)/cids(5)@jpeg",
          },
        ],
      },
      "indexedAt": "1970-01-01T00:00:00.000Z",
      "labels": [
        {
          "cid": "cids(4)",
          "cts": "1970-01-01T00:00:00.000Z",
          "src": "did:example:labeler",
          "uri": "record(5)",
          "val": "test-label",
        },
        {
          "cid": "cids(4)",
          "cts": "1970-01-01T00:00:00.000Z",
          "src": "did:example:labeler",
          "uri": "record(5)",
          "val": "test-label-2",
        },
      ],
      "likeCount": 0,
      "quoteCount": 0,
      "record": {
        "$type": "app.bsky.feed.post",
        "createdAt": "1970-01-01T00:00:00.000Z",
        "embed": {
          "$type": "app.bsky.embed.images",
          "images": [
            {
              "alt": "../dev-env/assets/key-landscape-small.jpg",
              "image": {
                "$type": "blob",
                "mimeType": "image/jpeg",
                "ref": {
                  "$link": "cids(5)",
                },
                "size": 4114,
              },
            },
          ],
        },
        "reply": {
          "parent": {
            "cid": "cids(3)",
            "uri": "record(4)",
          },
          "root": {
            "cid": "cids(3)",
            "uri": "record(4)",
          },
        },
        "text": "hear that label_me label_me_2",
      },
      "replyCount": 1,
      "repostCount": 0,
      "uri": "record(5)",
      "viewer": {
        "bookmarked": false,
        "embeddingDisabled": false,
        "threadMuted": false,
      },
    },
    "reply": {
      "parent": {
        "$type": "app.bsky.feed.defs#postView",
        "author": {
          "associated": {
            "activitySubscription": {
              "allowSubscriptions": "followers",
            },
          },
          "avatar": "https://bsky.public.url/img/avatar/plain/user(1)/cids(1)@jpeg",
          "createdAt": "1970-01-01T00:00:00.000Z",
          "did": "user(0)",
          "displayName": "ali",
          "handle": "alice.test",
          "labels": [
            {
              "cid": "cids(2)",
              "cts": "1970-01-01T00:00:00.000Z",
              "src": "user(0)",
              "uri": "record(3)",
              "val": "self-label-a",
            },
            {
              "cid": "cids(2)",
              "cts": "1970-01-01T00:00:00.000Z",
              "src": "user(0)",
              "uri": "record(3)",
              "val": "self-label-b",
            },
          ],
          "viewer": {
            "blockedBy": false,
            "followedBy": "record(2)",
            "following": "record(1)",
            "muted": false,
          },
        },
        "bookmarkCount": 0,
        "cid": "cids(3)",
        "indexedAt": "1970-01-01T00:00:00.000Z",
        "labels": [],
        "likeCount": 3,
        "quoteCount": 0,
        "record": {
          "$type": "app.bsky.feed.post",
          "createdAt": "1970-01-01T00:00:00.000000Z",
          "text": "again",
        },
        "replyCount": 2,
        "repostCount": 1,
        "uri": "record(4)",
        "viewer": {
          "bookmarked": false,
          "embeddingDisabled": false,
          "like": "record(6)",
          "threadMuted": false,
        },
      },
      "root": {
        "$type": "app.bsky.feed.defs#postView",
        "author": {
          "associated": {
            "activitySubscription": {
              "allowSubscriptions": "followers",
            },
          },
          "avatar": "https://bsky.public.url/img/avatar/plain/user(1)/cids(1)@jpeg",
          "createdAt": "1970-01-01T00:00:00.000Z",
          "did": "user(0)",
          "displayName": "ali",
          "handle": "alice.test",
          "labels": [
            {
              "cid": "cids(2)",
              "cts": "1970-01-01T00:00:00.000Z",
              "src": "user(0)",
              "uri": "record(3)",
              "val": "self-label-a",
            },
            {
              "cid": "cids(2)",
              "cts": "1970-01-01T00:00:00.000Z",
              "src": "user(0)",
              "uri": "record(3)",
              "val": "self-label-b",
            },
          ],
          "viewer": {
            "blockedBy": false,
            "followedBy": "record(2)",
            "following": "record(1)",
            "muted": false,
          },
        },
        "bookmarkCount": 0,
        "cid": "cids(3)",
        "indexedAt": "1970-01-01T00:00:00.000Z",
        "labels": [],
        "likeCount": 3,
        "quoteCount": 0,
        "record": {
          "$type": "app.bsky.feed.post",
          "createdAt": "1970-01-01T00:00:00.000000Z",
          "text": "again",
        },
        "replyCount": 2,
        "repostCount": 1,
        "uri": "record(4)",
        "viewer": {
          "bookmarked": false,
          "embeddingDisabled": false,
          "like": "record(6)",
          "threadMuted": false,
        },
      },
    },
  },
  {
    "post": {
      "author": {
        "associated": {
          "activitySubscription": {
            "allowSubscriptions": "followers",
          },
        },
        "avatar": "https://bsky.public.url/img/avatar/plain/user(1)/cids(1)@jpeg",
        "createdAt": "1970-01-01T00:00:00.000Z",
        "did": "user(0)",
        "displayName": "ali",
        "handle": "alice.test",
        "labels": [
          {
            "cid": "cids(2)",
            "cts": "1970-01-01T00:00:00.000Z",
            "src": "user(0)",
            "uri": "record(3)",
            "val": "self-label-a",
          },
          {
            "cid": "cids(2)",
            "cts": "1970-01-01T00:00:00.000Z",
            "src": "user(0)",
            "uri": "record(3)",
            "val": "self-label-b",
          },
        ],
        "viewer": {
          "blockedBy": false,
          "followedBy": "record(2)",
          "following": "record(1)",
          "muted": false,
        },
      },
      "bookmarkCount": 0,
      "cid": "cids(6)",
      "embed": {
        "$type": "app.bsky.embed.record#view",
        "record": {
          "$type": "app.bsky.embed.record#viewRecord",
          "author": {
            "associated": {
              "activitySubscription": {
                "allowSubscriptions": "followers",
              },
              "chat": {
                "allowIncoming": "none",
              },
            },
            "did": "user(4)",
            "handle": "dan.test",
            "labels": [],
            "viewer": {
              "blockedBy": false,
              "muted": false,
            },
          },
          "cid": "cids(7)",
          "embeds": [
            {
              "$type": "app.bsky.embed.record#view",
              "record": {
                "$type": "app.bsky.embed.record#viewRecord",
                "author": {
                  "associated": {
                    "activitySubscription": {
                      "allowSubscriptions": "followers",
                    },
                  },
                  "did": "user(5)",
                  "handle": "carol.test",
                  "labels": [],
                  "viewer": {
                    "blockedBy": false,
                    "muted": false,
                  },
                },
                "cid": "cids(8)",
                "indexedAt": "1970-01-01T00:00:00.000Z",
                "labels": [],
                "likeCount": 2,
                "quoteCount": 1,
                "replyCount": 0,
                "repostCount": 0,
                "uri": "record(10)",
                "value": {
                  "$type": "app.bsky.feed.post",
                  "createdAt": "1970-01-01T00:00:00.000Z",
                  "embed": {
                    "$type": "app.bsky.embed.recordWithMedia",
                    "media": {
                      "$type": "app.bsky.embed.images",
                      "images": [
                        {
                          "alt": "../dev-env/assets/key-landscape-small.jpg",
                          "image": {
                            "$type": "blob",
                            "mimeType": "image/jpeg",
                            "ref": {
                              "$link": "cids(5)",
                            },
                            "size": 4114,
                          },
                        },
                        {
                          "alt": "../dev-env/assets/key-alt.jpg",
                          "image": {
                            "$type": "blob",
                            "mimeType": "image/jpeg",
                            "ref": {
                              "$link": "cids(9)",
                            },
                            "size": 12736,
                          },
                        },
                      ],
                    },
                    "record": {
                      "record": {
                        "cid": "cids(10)",
                        "uri": "record(11)",
                      },
                    },
                  },
                  "text": "hi im carol",
                },
              },
            },
          ],
          "indexedAt": "1970-01-01T00:00:00.000Z",
          "labels": [],
          "likeCount": 0,
          "quoteCount": 1,
          "replyCount": 0,
          "repostCount": 1,
          "uri": "record(9)",
          "value": {
            "$type": "app.bsky.feed.post",
            "createdAt": "1970-01-01T00:00:00.000Z",
            "embed": {
              "$type": "app.bsky.embed.record",
              "record": {
                "cid": "cids(8)",
                "uri": "record(10)",
              },
            },
            "facets": [
              {
                "features": [
                  {
                    "$type": "app.bsky.richtext.facet#mention",
                    "did": "user(0)",
                  },
                ],
                "index": {
                  "byteEnd": 18,
                  "byteStart": 0,
                },
              },
            ],
            "text": "@alice.bluesky.xyz is the best",
          },
        },
      },
      "indexedAt": "1970-01-01T00:00:00.000Z",
      "labels": [
        {
          "cid": "cids(6)",
          "cts": "1970-01-01T00:00:00.000Z",
          "src": "did:example:labeler",
          "uri": "record(8)",
          "val": "test-label",
        },
      ],
      "likeCount": 2,
      "quoteCount": 0,
      "record": {
        "$type": "app.bsky.feed.post",
        "createdAt": "1970-01-01T00:00:00.000Z",
        "embed": {
          "$type": "app.bsky.embed.record",
          "record": {
            "cid": "cids(7)",
            "uri": "record(9)",
          },
        },
        "text": "yoohoo label_me",
      },
      "replyCount": 0,
      "repostCount": 0,
      "uri": "record(8)",
      "viewer": {
        "bookmarked": false,
        "embeddingDisabled": false,
        "like": "record(12)",
        "threadMuted": false,
      },
    },
  },
  {
    "post": {
      "author": {
        "associated": {
          "activitySubscription": {
            "allowSubscriptions": "followers",
          },
        },
        "avatar": "https://bsky.public.url/img/avatar/plain/user(3)/cids(1)@jpeg",
        "createdAt": "1970-01-01T00:00:00.000Z",
        "did": "user(2)",
        "displayName": "bobby",
        "handle": "bob.test",
        "labels": [],
        "viewer": {
          "blockedBy": false,
          "followedBy": "record(7)",
          "muted": false,
        },
      },
      "bookmarkCount": 0,
      "cid": "cids(11)",
      "indexedAt": "1970-01-01T00:00:00.000Z",
      "labels": [],
      "likeCount": 0,
      "quoteCount": 0,
      "record": {
        "$type": "app.bsky.feed.post",
        "createdAt": "1970-01-01T00:00:00.000+00:00",
        "text": "bobby boy here",
      },
      "replyCount": 0,
      "repostCount": 0,
      "uri": "record(13)",
      "viewer": {
        "bookmarked": false,
        "embeddingDisabled": false,
        "threadMuted": false,
      },
    },
  },
  {
    "post": {
      "author": {
        "associated": {
          "activitySubscription": {
            "allowSubscriptions": "followers",
          },
        },
        "avatar": "https://bsky.public.url/img/avatar/plain/user(1)/cids(1)@jpeg",
        "createdAt": "1970-01-01T00:00:00.000Z",
        "did": "user(0)",
        "displayName": "ali",
        "handle": "alice.test",
        "labels": [
          {
            "cid": "cids(2)",
            "cts": "1970-01-01T00:00:00.000Z",
            "src": "user(0)",
            "uri": "record(3)",
            "val": "self-label-a",
          },
          {
            "cid": "cids(2)",
            "cts": "1970-01-01T00:00:00.000Z",
            "src": "user(0)",
            "uri": "record(3)",
            "val": "self-label-b",
          },
        ],
        "viewer": {
          "blockedBy": false,
          "followedBy": "record(2)",
          "following": "record(1)",
          "muted": false,
        },
      },
      "bookmarkCount": 0,
      "cid": "cids(3)",
      "indexedAt": "1970-01-01T00:00:00.000Z",
      "labels": [],
      "likeCount": 3,
      "quoteCount": 0,
      "record": {
        "$type": "app.bsky.feed.post",
        "createdAt": "1970-01-01T00:00:00.000000Z",
        "text": "again",
      },
      "replyCount": 2,
      "repostCount": 1,
      "uri": "record(4)",
      "viewer": {
        "bookmarked": false,
        "embeddingDisabled": false,
        "like": "record(6)",
        "threadMuted": false,
      },
    },
  },
  {
    "post": {
      "author": {
        "associated": {
          "activitySubscription": {
            "allowSubscriptions": "followers",
          },
        },
        "avatar": "https://bsky.public.url/img/avatar/plain/user(3)/cids(1)@jpeg",
        "createdAt": "1970-01-01T00:00:00.000Z",
        "did": "user(2)",
        "displayName": "bobby",
        "handle": "bob.test",
        "labels": [],
        "viewer": {
          "blockedBy": false,
          "followedBy": "record(7)",
          "muted": false,
        },
      },
      "bookmarkCount": 0,
      "cid": "cids(10)",
      "indexedAt": "1970-01-01T00:00:00.000Z",
      "labels": [],
      "likeCount": 0,
      "quoteCount": 1,
      "record": {
        "$type": "app.bsky.feed.post",
        "createdAt": "1970-01-01T00:00:00.000Z",
        "langs": [
          "en-US",
          "i-klingon",
        ],
        "text": "bob back at it again!",
      },
      "replyCount": 0,
      "repostCount": 0,
      "uri": "record(11)",
      "viewer": {
        "bookmarked": false,
        "embeddingDisabled": false,
        "threadMuted": false,
      },
    },
  },
  {
    "post": {
      "author": {
        "associated": {
          "activitySubscription": {
            "allowSubscriptions": "followers",
          },
        },
        "avatar": "https://bsky.public.url/img/avatar/plain/user(1)/cids(1)@jpeg",
        "createdAt": "1970-01-01T00:00:00.000Z",
        "did": "user(0)",
        "displayName": "ali",
        "handle": "alice.test",
        "labels": [
          {
            "cid": "cids(2)",
            "cts": "1970-01-01T00:00:00.000Z",
            "src": "user(0)",
            "uri": "record(3)",
            "val": "self-label-a",
          },
          {
            "cid": "cids(2)",
            "cts": "1970-01-01T00:00:00.000Z",
            "src": "user(0)",
            "uri": "record(3)",
            "val": "self-label-b",
          },
        ],
        "viewer": {
          "blockedBy": false,
          "followedBy": "record(2)",
          "following": "record(1)",
          "muted": false,
        },
      },
      "bookmarkCount": 0,
      "cid": "cids(12)",
      "indexedAt": "1970-01-01T00:00:00.000Z",
      "labels": [
        {
          "cid": "cids(12)",
          "cts": "1970-01-01T00:00:00.000Z",
          "src": "user(0)",
          "uri": "record(14)",
          "val": "self-label",
        },
      ],
      "likeCount": 0,
      "quoteCount": 0,
      "record": {
        "$type": "app.bsky.feed.post",
        "createdAt": "1970-01-01T00:00:00.000Z",
        "labels": {
          "$type": "com.atproto.label.defs#selfLabels",
          "values": [
            {
              "val": "self-label",
            },
          ],
        },
        "text": "hey there",
      },
      "replyCount": 0,
      "repostCount": 0,
      "uri": "record(14)",
      "viewer": {
        "bookmarked": false,
        "embeddingDisabled": false,
        "threadMuted": false,
      },
    },
  },
]
`;
