// Jest Snapshot v1, https://jestjs.io/docs/snapshot-testing

exports[`mute views fetches mutes for the logged-in user. 1`] = `
[
  {
    "associated": {
      "activitySubscription": {
        "allowSubscriptions": "followers",
      },
    },
    "avatar": "https://bsky.public.url/img/avatar/plain/user(1)/cids(0)@jpeg",
    "createdAt": "1970-01-01T00:00:00.000Z",
    "did": "user(0)",
    "displayName": "Dr. Lowell DuBuque",
    "handle": "elta48.test",
    "indexedAt": "1970-01-01T00:00:00.000Z",
    "labels": [],
    "viewer": {
      "blockedBy": false,
      "muted": true,
    },
  },
  {
    "associated": {
      "activitySubscription": {
        "allowSubscriptions": "followers",
      },
    },
    "avatar": "https://bsky.public.url/img/avatar/plain/user(3)/cids(0)@jpeg",
    "createdAt": "1970-01-01T00:00:00.000Z",
    "did": "user(2)",
    "displayName": "Sally Funk",
    "handle": "magnus53.test",
    "indexedAt": "1970-01-01T00:00:00.000Z",
    "labels": [],
    "viewer": {
      "blockedBy": false,
      "muted": true,
    },
  },
  {
    "associated": {
      "activitySubscription": {
        "allowSubscriptions": "followers",
      },
    },
    "did": "user(4)",
    "handle": "nicolas-krajcik10.test",
    "labels": [],
    "viewer": {
      "blockedBy": false,
      "muted": true,
    },
  },
  {
    "associated": {
      "activitySubscription": {
        "allowSubscriptions": "followers",
      },
    },
    "avatar": "https://bsky.public.url/img/avatar/plain/user(6)/cids(0)@jpeg",
    "createdAt": "1970-01-01T00:00:00.000Z",
    "did": "user(5)",
    "displayName": "Patrick Sawayn",
    "handle": "jeffrey-sawayn87.test",
    "indexedAt": "1970-01-01T00:00:00.000Z",
    "labels": [],
    "viewer": {
      "blockedBy": false,
      "muted": true,
    },
  },
  {
    "associated": {
      "activitySubscription": {
        "allowSubscriptions": "followers",
      },
    },
    "avatar": "https://bsky.public.url/img/avatar/plain/user(8)/cids(0)@jpeg",
    "createdAt": "1970-01-01T00:00:00.000Z",
    "did": "user(7)",
    "displayName": "Kim Streich",
    "handle": "adrienne49.test",
    "indexedAt": "1970-01-01T00:00:00.000Z",
    "labels": [],
    "viewer": {
      "blockedBy": false,
      "muted": true,
    },
  },
  {
    "associated": {
      "activitySubscription": {
        "allowSubscriptions": "followers",
      },
    },
    "avatar": "https://bsky.public.url/img/avatar/plain/user(10)/cids(0)@jpeg",
    "createdAt": "1970-01-01T00:00:00.000Z",
    "did": "user(9)",
    "displayName": "Carlton Abernathy IV",
    "handle": "aliya-hodkiewicz.test",
    "indexedAt": "1970-01-01T00:00:00.000Z",
    "labels": [],
    "viewer": {
      "blockedBy": false,
      "muted": true,
    },
  },
  {
    "associated": {
      "activitySubscription": {
        "allowSubscriptions": "followers",
      },
    },
    "did": "user(11)",
    "handle": "carol.test",
    "labels": [],
    "viewer": {
      "blockedBy": false,
      "followedBy": "record(0)",
      "muted": true,
    },
  },
  {
    "associated": {
      "activitySubscription": {
        "allowSubscriptions": "followers",
      },
    },
    "avatar": "https://bsky.public.url/img/avatar/plain/user(13)/cids(0)@jpeg",
    "createdAt": "1970-01-01T00:00:00.000Z",
    "description": "hi im bob label_me",
    "did": "user(12)",
    "displayName": "bobby",
    "handle": "bob.test",
    "indexedAt": "1970-01-01T00:00:00.000Z",
    "labels": [],
    "viewer": {
      "blockedBy": false,
      "followedBy": "record(1)",
      "muted": true,
    },
  },
]
`;

exports[`mute views flags mutes in threads 1`] = `
{
  "$type": "app.bsky.feed.defs#threadViewPost",
  "post": {
    "author": {
      "associated": {
        "activitySubscription": {
          "allowSubscriptions": "followers",
        },
      },
      "avatar": "https://bsky.public.url/img/avatar/plain/user(1)/cids(1)@jpeg",
      "createdAt": "1970-01-01T00:00:00.000Z",
      "did": "user(0)",
      "displayName": "ali",
      "handle": "alice.test",
      "labels": [
        {
          "cid": "cids(2)",
          "cts": "1970-01-01T00:00:00.000Z",
          "src": "user(0)",
          "uri": "record(1)",
          "val": "self-label-a",
        },
        {
          "cid": "cids(2)",
          "cts": "1970-01-01T00:00:00.000Z",
          "src": "user(0)",
          "uri": "record(1)",
          "val": "self-label-b",
        },
      ],
      "viewer": {
        "blockedBy": false,
        "muted": false,
      },
    },
    "bookmarkCount": 0,
    "cid": "cids(0)",
    "indexedAt": "1970-01-01T00:00:00.000Z",
    "labels": [],
    "likeCount": 3,
    "quoteCount": 0,
    "record": {
      "$type": "app.bsky.feed.post",
      "createdAt": "1970-01-01T00:00:00.000000Z",
      "text": "again",
    },
    "replyCount": 2,
    "repostCount": 1,
    "uri": "record(0)",
    "viewer": {
      "bookmarked": false,
      "embeddingDisabled": false,
      "threadMuted": false,
    },
  },
  "replies": [
    {
      "$type": "app.bsky.feed.defs#threadViewPost",
      "post": {
        "author": {
          "associated": {
            "activitySubscription": {
              "allowSubscriptions": "followers",
            },
          },
          "did": "user(2)",
          "handle": "carol.test",
          "labels": [],
          "viewer": {
            "blockedBy": false,
            "followedBy": "record(4)",
            "following": "record(3)",
            "muted": true,
          },
        },
        "bookmarkCount": 0,
        "cid": "cids(3)",
        "indexedAt": "1970-01-01T00:00:00.000Z",
        "labels": [],
        "likeCount": 0,
        "quoteCount": 0,
        "record": {
          "$type": "app.bsky.feed.post",
          "createdAt": "1970-01-01T00:00:00.000Z",
          "reply": {
            "parent": {
              "cid": "cids(0)",
              "uri": "record(0)",
            },
            "root": {
              "cid": "cids(0)",
              "uri": "record(0)",
            },
          },
          "text": "of course",
        },
        "replyCount": 0,
        "repostCount": 0,
        "uri": "record(2)",
        "viewer": {
          "bookmarked": false,
          "embeddingDisabled": false,
          "threadMuted": false,
        },
      },
      "threadContext": {},
    },
    {
      "$type": "app.bsky.feed.defs#threadViewPost",
      "post": {
        "author": {
          "associated": {
            "activitySubscription": {
              "allowSubscriptions": "followers",
            },
          },
          "avatar": "https://bsky.public.url/img/avatar/plain/user(4)/cids(1)@jpeg",
          "createdAt": "1970-01-01T00:00:00.000Z",
          "did": "user(3)",
          "displayName": "bobby",
          "handle": "bob.test",
          "labels": [],
          "viewer": {
            "blockedBy": false,
            "followedBy": "record(7)",
            "following": "record(6)",
            "muted": true,
          },
        },
        "bookmarkCount": 0,
        "cid": "cids(4)",
        "embed": {
          "$type": "app.bsky.embed.images#view",
          "images": [
            {
              "alt": "../dev-env/assets/key-landscape-small.jpg",
              "fullsize": "https://bsky.public.url/img/feed_fullsize/plain/user(4)/cids(5)@jpeg",
              "thumb": "https://bsky.public.url/img/feed_thumbnail/plain/user(4)/cids(5)@jpeg",
            },
          ],
        },
        "indexedAt": "1970-01-01T00:00:00.000Z",
        "labels": [
          {
            "cid": "cids(4)",
            "cts": "1970-01-01T00:00:00.000Z",
            "src": "did:example:labeler",
            "uri": "record(5)",
            "val": "test-label",
          },
          {
            "cid": "cids(4)",
            "cts": "1970-01-01T00:00:00.000Z",
            "src": "did:example:labeler",
            "uri": "record(5)",
            "val": "test-label-2",
          },
        ],
        "likeCount": 0,
        "quoteCount": 0,
        "record": {
          "$type": "app.bsky.feed.post",
          "createdAt": "1970-01-01T00:00:00.000Z",
          "embed": {
            "$type": "app.bsky.embed.images",
            "images": [
              {
                "alt": "../dev-env/assets/key-landscape-small.jpg",
                "image": {
                  "$type": "blob",
                  "mimeType": "image/jpeg",
                  "ref": {
                    "$link": "cids(5)",
                  },
                  "size": 4114,
                },
              },
            ],
          },
          "reply": {
            "parent": {
              "cid": "cids(0)",
              "uri": "record(0)",
            },
            "root": {
              "cid": "cids(0)",
              "uri": "record(0)",
            },
          },
          "text": "hear that label_me label_me_2",
        },
        "replyCount": 1,
        "repostCount": 0,
        "uri": "record(5)",
        "viewer": {
          "bookmarked": false,
          "embeddingDisabled": false,
          "threadMuted": false,
        },
      },
      "threadContext": {},
    },
  ],
  "threadContext": {},
}
`;
