// Jest Snapshot v1, https://jestjs.io/docs/snapshot-testing

exports[`pds repost views fetches reposted-by for a post 1`] = `
[
  {
    "associated": {
      "activitySubscription": {
        "allowSubscriptions": "followers",
      },
    },
    "did": "user(0)",
    "handle": "eve.test",
    "labels": [],
    "viewer": {
      "blockedBy": false,
      "muted": false,
    },
  },
  {
    "associated": {
      "activitySubscription": {
        "allowSubscriptions": "followers",
      },
      "chat": {
        "allowIncoming": "none",
      },
    },
    "did": "user(1)",
    "handle": "dan.test",
    "labels": [],
    "viewer": {
      "blockedBy": false,
      "following": "record(0)",
      "muted": false,
    },
  },
  {
    "associated": {
      "activitySubscription": {
        "allowSubscriptions": "followers",
      },
    },
    "did": "user(2)",
    "handle": "carol.test",
    "labels": [],
    "viewer": {
      "blockedBy": false,
      "followedBy": "record(2)",
      "following": "record(1)",
      "muted": false,
    },
  },
  {
    "associated": {
      "activitySubscription": {
        "allowSubscriptions": "followers",
      },
    },
    "avatar": "https://bsky.public.url/img/avatar/plain/user(4)/cids(0)@jpeg",
    "createdAt": "1970-01-01T00:00:00.000Z",
    "description": "hi im bob label_me",
    "did": "user(3)",
    "displayName": "bobby",
    "handle": "bob.test",
    "indexedAt": "1970-01-01T00:00:00.000Z",
    "labels": [],
    "viewer": {
      "blockedBy": false,
      "followedBy": "record(4)",
      "following": "record(3)",
      "muted": false,
    },
  },
]
`;

exports[`pds repost views fetches reposted-by for a reply 1`] = `
[
  {
    "associated": {
      "activitySubscription": {
        "allowSubscriptions": "followers",
      },
    },
    "did": "user(0)",
    "handle": "eve.test",
    "labels": [],
    "viewer": {
      "blockedBy": false,
      "muted": false,
    },
  },
  {
    "associated": {
      "activitySubscription": {
        "allowSubscriptions": "followers",
      },
      "chat": {
        "allowIncoming": "none",
      },
    },
    "did": "user(1)",
    "handle": "dan.test",
    "labels": [],
    "viewer": {
      "blockedBy": false,
      "following": "record(0)",
      "muted": false,
    },
  },
]
`;
